IR_PROGRAM
main (locals=0, max_args=0) {
 [MOVE (NAME a) (CALL (NAME malloc) ( (NAME A_obj_size)))]
 [CALLST (NAME print) ( (CALL (NAME go) ()))]
}
go (locals=0, max_args=0) {
 [MOVE (NAME a) (ESEQ
 [MOVE (TEMP 1) (CALL (NAME malloc) ( (BINOP * (CONST 3) (NAME wSZ))))]
 [MOVE (MEM (TEMP 1)) (CONST 2)]
 [MOVE (TEMP 2) (BINOP + (TEMP 1) (BINOP * (CONST 2) (NAME wSZ)))]
 [LABEL L0]
 [MOVE (MEM (TEMP 2)) (CONST 0)]
 [MOVE (TEMP 2) (BINOP - (TEMP 2) (NAME wSZ))]
 [CJUMP > (TEMP 2) (TEMP 1) (NAME L0)]
 (TEMP 1))]
 [MOVE (NAME b) (ESEQ
 [MOVE (TEMP 3) (CALL (NAME malloc) ( (BINOP * (CONST 3) (NAME wSZ))))]
 [MOVE (MEM (TEMP 3)) (CONST 2)]
 [MOVE (TEMP 4) (BINOP + (TEMP 3) (BINOP * (CONST 2) (NAME wSZ)))]
 [LABEL L1]
 [MOVE (MEM (TEMP 4)) (CONST 0)]
 [MOVE (TEMP 4) (BINOP - (TEMP 4) (NAME wSZ))]
 [CJUMP > (TEMP 4) (TEMP 3) (NAME L1)]
 (TEMP 3))]
 [MOVE (MEM (BINOP + (NAME a) (BINOP * (BINOP + (CONST 0) (CONST 1)) (NAME wSZ)))) (CONST 1)]
 [MOVE (MEM (BINOP + (NAME a) (BINOP * (BINOP + (CONST 1) (CONST 1)) (NAME wSZ)))) (CONST 2)]
 [MOVE (MEM (BINOP + (NAME b) (BINOP * (BINOP + (CONST 0) (CONST 1)) (NAME wSZ)))) (CONST 3)]
 [MOVE (MEM (BINOP + (NAME b) (BINOP * (BINOP + (CONST 1) (CONST 1)) (NAME wSZ)))) (CONST 4)]
 [CALLST (NAME print) ( (MEM (BINOP + (NAME a) (BINOP * (BINOP + (CONST 1) (CONST 1)) (NAME wSZ)))))]
 [CALLST (NAME print) ( (MEM (BINOP + (NAME b) (BINOP * (BINOP + (CONST 1) (CONST 1)) (NAME wSZ)))))]
 [RETURN (MEM (BINOP + (NAME a) (BINOP * (BINOP + (CONST 0) (CONST 1)) (NAME wSZ))))]
}
