IR_PROGRAM
main (locals=0, max_args=0) {
 [MOVE (NAME i) (CONST 0)]
 [CJUMP == (ESEQ
 [MOVE (TEMP 1) (CONST 1)]
 [CJUMP > (CONST 2) (CONST 1) (NAME L1)]
 [MOVE (TEMP 1) (CONST 0)]
 [LABEL L1]
 (TEMP 1)) (CONST 0) (NAME L0)]
 [CJUMP == (ESEQ
 [MOVE (TEMP 2) (CONST 1)]
 [CJUMP > (CONST 1) (CONST 0) (NAME L3)]
 [MOVE (TEMP 2) (CONST 0)]
 [LABEL L3]
 (TEMP 2)) (CONST 0) (NAME L2)]
 [MOVE (NAME i) (CONST 1)]
 [JUMP (NAME L4)]
 [LABEL L2]
 [MOVE (NAME i) (CONST 2)]
 [LABEL L4]
 [LABEL L0]
 [CALLST (NAME print) ( (NAME i))]
}
