	.align 4
body_foo:
!locals=0, max_args=0
	save %sp,-96,%sp
! [RETURN (BINOP + (PARAM 1) (PARAM 2))]
	ld [%fp+72],%l0
	ld [%fp+76],%l1
	add %l0,%l1,%l0
	mov %l0,%i0
	ret
	restore
	ret
	restore

	.global main
	.align 4
main:
!locals=2, max_args=3
	save %sp,-104,%sp
! [MOVE (TEMP 1) (CALL (NAME malloc) ( (NAME wSZ)))]
	mov 4,%o0
	call malloc
	nop
!>> Temp t1 assigned to reg %l0
	mov %o0,%l0
! [MOVE (VAR 1) (TEMP 1)]
	st %l0,[%fp-4]
! [MOVE (TEMP 2) (CALL (NAME body_foo) ( (VAR 1) (CONST 1) (CONST 2)))]
	ld [%fp-4],%l1
	st %l1,[%sp+68]
	mov 1,%l1
	st %l1,[%sp+72]
	mov 2,%l1
	st %l1,[%sp+76]
	call body_foo
	nop
!>> Temp t2 assigned to reg %l1
	mov %o0,%l1
! [MOVE (VAR 2) (TEMP 2)]
	st %l1,[%fp-8]
! [CALLST (NAME print) ( (VAR 2))]
	ld [%fp-8],%o1
	sethi %hi(L$1),%o0
	call printf
	or %o0, %lo(L$1),%o0
	ret
	restore

L$1:	.asciz "%d\n"

!Total regs:  4
!Total insts: 37
