	.global main
	.align 4
main:
!locals=1, max_args=1
	save %sp,-96,%sp
! [MOVE (TEMP 1) (CALL (NAME malloc) ( (NAME wSZ)))]
	mov 4,%o0
	call malloc
	nop
!>> Temp t1 assigned to reg %l0
	mov %o0,%l0
! [MOVE (VAR 1) (TEMP 1)]
	st %l0,[%fp-4]
! [MOVE (TEMP 4) (CALL (NAME Body_go) ( (VAR 1)))]
	ld [%fp-4],%l1
	st %l1,[%sp+68]
	call Body_go
	nop
!>> Temp t4 assigned to reg %l1
	mov %o0,%l1
! [CALLST (NAME print) ( (TEMP 4))]
	mov %l1,%o1
	sethi %hi(L$1),%o0
	call printf
	or %o0, %lo(L$1),%o0
	ret
	restore

	.align 4
Body_go:
!locals=1, max_args=0
	save %sp,-96,%sp
! [MOVE (TEMP 2) (CALL (NAME malloc) ( (BINOP * (CONST 3) (NAME wSZ))))]
	mov 3,%l0
	smul %l0,4,%l0
	mov %l0,%o0
	call malloc
	nop
!>> Temp t2 assigned to reg %l0
	mov %o0,%l0
! [MOVE (MEM (TEMP 2)) (CONST 2)]
	mov 2,%l1
	st %l1,[%l0]
! [MOVE (TEMP 3) (BINOP + (TEMP 2) (BINOP * (CONST 2) (NAME wSZ)))]
	mov 2,%l1
	smul %l1,4,%l1
	add %l0,%l1,%l2
!>> Temp t3 assigned to reg %l1
	mov %l2,%l1
! [LABEL L0]
L0:
! [MOVE (MEM (TEMP 3)) (CONST 0)]
	mov 0,%l2
	st %l2,[%l1]
! [MOVE (TEMP 3) (BINOP - (TEMP 3) (NAME wSZ))]
	sub %l1,4,%l2
	mov %l2,%l1
! [CJUMP > (TEMP 3) (TEMP 2) (NAME L0)]
	cmp %l1,%l0
	bg L0
	nop
! [MOVE (VAR 1) (TEMP 2)]
	st %l0,[%fp-4]
! [MOVE (MEM (BINOP + (VAR 1) (NAME wSZ))) (CONST 1)]
	mov 1,%l2
	ld [%fp-4],%l3
	add %l3,4,%l3
	st %l2,[%l3]
! [MOVE (MEM (BINOP + (VAR 1) (BINOP * (CONST 2) (NAME wSZ)))) (CONST 2)]
	mov 2,%l2
	ld [%fp-4],%l3
	mov 2,%l4
	smul %l4,4,%l4
	add %l3,%l4,%l3
	st %l2,[%l3]
! [RETURN (MEM (BINOP + (VAR 1) (BINOP * (CONST 2) (NAME wSZ))))]
	ld [%fp-4],%l2
	mov 2,%l3
	smul %l3,4,%l3
	add %l2,%l3,%l2
	ld [%l2],%l2
	mov %l2,%i0
	ret
	restore
	ret
	restore

L$1:	.asciz "%d\n"

!Total regs:  5
!Total insts: 65
