IR_PROGRAM
main (locals=1, max_args=1) {
 [MOVE (TEMP 1) (CALL (NAME malloc) ( (NAME wSZ)))]
 [MOVE (VAR 1) (TEMP 1)]
 [MOVE (TEMP 4) (CALL (NAME Body_go) ( (VAR 1)))]
 [CALLST (NAME print) ( (TEMP 4))]
}
Body_go (locals=1, max_args=0) {
 [MOVE (TEMP 2) (CALL (NAME malloc) ( (BINOP * (CONST 3) (NAME wSZ))))]
 [MOVE (MEM (TEMP 2)) (CONST 2)]
 [MOVE (TEMP 3) (BINOP + (TEMP 2) (BINOP * (CONST 2) (NAME wSZ)))]
 [LABEL L0]
 [MOVE (MEM (TEMP 3)) (CONST 0)]
 [MOVE (TEMP 3) (BINOP - (TEMP 3) (NAME wSZ))]
 [CJUMP > (TEMP 3) (TEMP 2) (NAME L0)]
 [MOVE (VAR 1) (TEMP 2)]
 [MOVE (MEM (BINOP + (VAR 1) (NAME wSZ))) (CONST 1)]
 [MOVE (MEM (BINOP + (VAR 1) (BINOP * (CONST 2) (NAME wSZ)))) (CONST 2)]
 [RETURN (MEM (BINOP + (VAR 1) (BINOP * (CONST 2) (NAME wSZ))))]
}
