IR_PROGRAM
main (locals=1, max_args=1) {
 [MOVE (TEMP 1) (CALL (NAME malloc) ( (NAME wSZ)))]
 [MOVE (VAR 1) (TEMP 1)]
 [MOVE (TEMP 3) (CALL (NAME Body_go) ( (VAR 1)))]
 [CALLST (NAME print) ( (TEMP 3))]
}
Body_go (locals=1, max_args=2) {
 [MOVE (TEMP 2) (CALL (NAME malloc) ( (NAME wSZ)))]
 [MOVE (MEM (TEMP 2)) (CONST 0)]
 [MOVE (VAR 1) (TEMP 2)]
 [MOVE (TEMP 4) (CALL (NAME Body2_value) ( (VAR 1) (CONST 1)))]
 [RETURN (TEMP 4)]
}
Body2_value (locals=2, max_args=0) {
 [MOVE (FIELD (PARAM 0) 0) (CONST 5)]
 [MOVE (VAR 1) (CONST 6)]
 [CJUMP == (PARAM 1) (CONST 0) (NAME L0)]
 [MOVE (VAR 2) (FIELD (PARAM 0) 0)]
 [JUMP (NAME L1)]
 [LABEL L0]
 [MOVE (VAR 2) (VAR 1)]
 [LABEL L1]
 [RETURN (VAR 2)]
}
